Last login: Thu Apr 25 09:31:45 on ttys000
/dev/fd/12:18: command not found: compdef
jamesbanda@Jamess-MacBook-Pro demo % git commit -m "first commit"
On branch main
Untracked files:
  (use "git add <file>..." to include in what will be committed)
	src/.DS_Store
	src/main/.DS_Store

nothing added to commit but untracked files present (use "git add" to track)
jamesbanda@Jamess-MacBook-Pro demo % echo "# MySimple-java-Project" >> README.md 
jamesbanda@Jamess-MacBook-Pro demo % git init
Reinitialized existing Git repository in /Users/jamesbanda/Downloads/demo/.git/
jamesbanda@Jamess-MacBook-Pro demo % git add README.md
jamesbanda@Jamess-MacBook-Pro demo % git commit -m "first commit"

[main 90d731d] first commit
 Committer: James Banda <jamesbanda@Jamess-MacBook-Pro.local>
Your name and email address were configured automatically based
on your username and hostname. Please check that they are accurate.
You can suppress this message by setting them explicitly:

    git config --global user.name "Your Name"
    git config --global user.email you@example.com

After doing this, you may fix the identity used for this commit with:

    git commit --amend --reset-author

 1 file changed, 1 insertion(+)
jamesbanda@Jamess-MacBook-Pro demo % git config --global user.name "James Banda" 
git config --global user.email jamie.james.banda@gmail.com

jamesbanda@Jamess-MacBook-Pro demo % git commit --amend --reset-author

hint: Waiting for your editor to close the file... 
first commit

# Please enter the commit message for your changes. Lines starting
# with '#' will be ignored, and an empty message aborts the commit.
#
# On branch main
# Changes to be committed:
#       modified:   README.md
#
# Untracked files:
#       src/.DS_Store
#       src/main/.DS_Store
#
~                                                                               
~                                                                               
~                                                                               
~                                                                               
~                                                                               
~                                                                               
~                                                                               
~                                                                               
~                                                                               
~                                                                               
"~/Downloads/demo/.git/COMMIT_EDITMSG" 13L, 279B
